[2026-09-05T15:05:00.564Z] {"timestamp":1788620698398,"level":"DEBUG","args":["[Manus] Debug collector initialized (no rrweb, UI events only)"],"stack":null}
[2026-09-05T15:05:00.564Z] {"timestamp":1788620698629,"level":"DEBUG","args":["[vite] connected."],"stack":null}
[2026-09-05T15:05:00.564Z] {"timestamp":1788620698692,"level":"INFO","args":["%cDownload the React DevTools for a better development experience: https://react.dev/link/react-devtools","font-weight:bold"],"stack":null}
[2026-09-05T15:16:45.084Z] {"timestamp":1788621346191,"level":"DEBUG","args":["[vite]","hot updated: /src/index.css"],"stack":null}
[2026-09-05T15:16:45.084Z] {"timestamp":1788621346192,"level":"DEBUG","args":["[vite]","hot updated: /src/pages/Home.tsx"],"stack":null}
[2026-09-05T15:16:45.084Z] {"timestamp":1788621356494,"level":"DEBUG","args":["[vite]","hot updated: /src/index.css"],"stack":null}
[2026-09-05T15:16:45.084Z] {"timestamp":1788621356494,"level":"DEBUG","args":["[vite]","hot updated: /src/pages/Home.tsx"],"stack":null}
[2026-09-05T15:16:45.084Z] {"timestamp":1788621357077,"level":"ERROR","args":["React has detected a change in the order of Hooks called by %s. This will lead to bugs and errors if not fixed. For more information, read the Rules of Hooks: https://react.dev/link/rules-of-hooks\n\n   Previous render            Next render\n   ------------------------------------------------------\n%s   ^^^^^^^^^^^^^^^^^^^^^^^^^^^^^^^^^^^^^^^^^^^^^^^^^^^^^^\n","Home","1. useState                   useState\n2. useState                   useState\n3. useState                   useState\n4. useState                   useState\n5. useState                   useState\n6. useState                   useState\n7. useState                   useState\n8. useState                   useState\n9. useState                   useState\n10. useState                  useState\n11. useState                  useState\n12. useRef                    useRef\n13. useEffect                 useEffect\n14. useMemo                   useCallback\n"],"stack":"Error\n    at console.<computed> [as error] (http://localhost:3000/__manus__/debug-collector.js:391:37)\n    at updateHookTypesDev (http://localhost:3000/@fs/D:/Rail/node_modules/.vite/deps/react-dom_client.js?v=8ce47746:5594:21)\n    at Object.useCallback (http://localhost:3000/@fs/D:/Rail/node_modules/.vite/deps/react-dom_client.js?v=8ce47746:18935:11)\n    at exports.useCallback (http://localhost:3000/@fs/D:/Rail/node_modules/.vite/deps/chunk-MO2SMAW5.js?v=eeffddc5:904:36)\n    at useRailBlockScenario (http://localhost:3000/src/hooks/useRailBlockScenario.ts?t=1788621356387:26:24)\n    at Home (http://localhost:3000/src/pages/Home.tsx?t=1788621356387:113:7)\n    at Object.react_stack_bottom_frame (http://localhost:3000/@fs/D:/Rail/node_modules/.vite/deps/react-dom_client.js?v=8ce47746:18509:20)\n    at renderWithHooks (http://localhost:3000/@fs/D:/Rail/node_modules/.vite/deps/react-dom_client.js?v=8ce47746:5654:24)\n    at updateFunctionComponent (http://localhost:3000/@fs/D:/Rail/node_modules/.vite/deps/react-dom_client.js?v=8ce47746:7475:21)\n    at beginWork (http://localhost:3000/@fs/D:/Rail/node_modules/.vite/deps/react-dom_client.js?v=8ce47746:8525:20)"}
[2026-09-05T15:16:45.084Z] {"timestamp":1788621357108,"level":"ERROR","args":["%o\n\n%s\n\n%s\n",{"type":"Error","message":"Rendered more hooks than during the previous render.","stack":"Error: Rendered more hooks than during the previous render.\n    at updateWorkInProgressHook (http://localhost:3000/@fs/D:/Rail/node_modules/.vite/deps/react-dom_client.js?v=8ce47746:5792:19)\n    at updateCallback (http://localhost:3000/@fs/D:/Rail/node_modules/.vite/deps/react-dom_client.js?v=8ce47746:6516:20)\n    at Object.useCallback (http://localhost:3000/@fs/D:/Rail/node_modules/.vite/deps/react-dom_client.js?v=8ce47746:18936:18)\n    at exports.useCallback (http://localhost:3000/@fs/D:/Rail/node_modules/.vite/deps/chunk-MO2SMAW5.js?v=eeffddc5:904:36)\n    at useRailBlockScenario (http://localhost:3000/src/hooks/useRailBlockScenario.ts?t=1788621356387:101:22)\n    at Home (http://localhost:3000/src/pages/Home.tsx?t=1788621356387:113:7)\n    at Object.react_stack_bottom_frame (http://localhost:3000/@fs/D:/Rail/node_modules/.vite/deps/react-dom_client.js?v=8ce47746:18509:20)\n    at renderWithHooks (http://localhost:3000/@fs/D:/Rail/node_modules/.vite/deps/react-dom_client.js?v=8ce47746:5654:24)\n    at updateFunctionComponent (http://localhost:3000/@fs/D:/Rail/node_modules/.vite/deps/react-dom_client.js?v=8ce47746:7475:21)\n    at beginWork (http://localhost:3000/@fs/D:/Rail/node_modules/.vite/deps/react-dom_client.js?v=8ce47746:8525:20)"},"The above error occurred in the <Home> component.","React will try to recreate this component tree from scratch using the error boundary you provided, ErrorBoundary."],"stack":"Error\n    at console.<computed> [as error] (http://localhost:3000/__manus__/debug-collector.js:391:37)\n    at defaultOnCaughtError (http://localhost:3000/@fs/D:/Rail/node_modules/.vite/deps/react-dom_client.js?v=8ce47746:7001:19)\n    at logCaughtError (http://localhost:3000/@fs/D:/Rail/node_modules/.vite/deps/react-dom_client.js?v=8ce47746:7033:11)\n    at runWithFiberInDEV (http://localhost:3000/@fs/D:/Rail/node_modules/.vite/deps/react-dom_client.js?v=8ce47746:997:72)\n    at update.callback (http://localhost:3000/@fs/D:/Rail/node_modules/.vite/deps/react-dom_client.js?v=8ce47746:7066:13)\n    at callCallback (http://localhost:3000/@fs/D:/Rail/node_modules/.vite/deps/react-dom_client.js?v=8ce47746:5491:18)\n    at commitCallbacks (http://localhost:3000/@fs/D:/Rail/node_modules/.vite/deps/react-dom_client.js?v=8ce47746:5503:13)\n    at runWithFiberInDEV (http://localhost:3000/@fs/D:/Rail/node_modules/.vite/deps/react-dom_client.js?v=8ce47746:997:72)\n    at commitClassCallbacks (http://localhost:3000/@fs/D:/Rail/node_modules/.vite/deps/react-dom_client.js?v=8ce47746:9490:13)\n    at commitLayoutEffectOnFiber (http://localhost:3000/@fs/D:/Rail/node_modules/.vite/deps/react-dom_client.js?v=8ce47746:9958:27)"}
[2026-09-05T15:16:45.084Z] {"timestamp":1788621372784,"level":"DEBUG","args":["[vite]","hot updated: /src/index.css"],"stack":null}
[2026-09-05T15:16:45.084Z] {"timestamp":1788621372784,"level":"DEBUG","args":["[vite]","hot updated: /src/components/RailLayout.tsx"],"stack":null}
[2026-09-05T15:16:45.084Z] {"timestamp":1788621398770,"level":"DEBUG","args":["[vite]","hot updated: /src/pages/Home.tsx"],"stack":null}
[2026-09-05T15:16:45.084Z] {"timestamp":1788621398770,"level":"DEBUG","args":["[vite]","hot updated: /src/index.css"],"stack":null}
[2026-09-05T15:17:45.072Z] {"timestamp":1788621427862,"level":"DEBUG","args":["[vite]","hot updated: /src/pages/Home.tsx"],"stack":null}
[2026-09-05T15:17:45.072Z] {"timestamp":1788621427862,"level":"DEBUG","args":["[vite]","hot updated: /src/index.css"],"stack":null}
[2026-09-05T15:17:45.072Z] {"timestamp":1788621444431,"level":"DEBUG","args":["[vite]","hot updated: /src/pages/Analytics.tsx"],"stack":null}
[2026-09-05T15:17:45.072Z] {"timestamp":1788621444431,"level":"DEBUG","args":["[vite]","hot updated: /src/index.css"],"stack":null}
[2026-09-05T15:17:45.072Z] {"timestamp":1788621454174,"level":"DEBUG","args":["[vite]","hot updated: /src/pages/Analytics.tsx"],"stack":null}
[2026-09-05T15:17:45.072Z] {"timestamp":1788621454174,"level":"DEBUG","args":["[vite]","hot updated: /src/index.css"],"stack":null}
[2026-09-05T15:18:45.087Z] {"timestamp":1788621473796,"level":"DEBUG","args":["[vite]","hot updated: /src/pages/Corridors.tsx"],"stack":null}
[2026-09-05T15:18:45.087Z] {"timestamp":1788621473796,"level":"DEBUG","args":["[vite]","hot updated: /src/index.css"],"stack":null}
[2026-09-05T15:18:45.087Z] {"timestamp":1788621486032,"level":"DEBUG","args":["[vite]","hot updated: /src/pages/Scenarios.tsx"],"stack":null}
[2026-09-05T15:18:45.087Z] {"timestamp":1788621486032,"level":"DEBUG","args":["[vite]","hot updated: /src/index.css"],"stack":null}
[2026-09-05T15:18:45.087Z] {"timestamp":1788621510128,"level":"DEBUG","args":["[vite]","hot updated: /src/pages/Home.tsx"],"stack":null}
[2026-09-05T15:18:45.087Z] {"timestamp":1788621510128,"level":"DEBUG","args":["[vite]","hot updated: /src/index.css"],"stack":null}
[2026-09-05T15:19:35.858Z] {"timestamp":1788621573854,"level":"DEBUG","args":["[Manus] Debug collector initialized (no rrweb, UI events only)"],"stack":null}
[2026-09-05T15:19:35.858Z] {"timestamp":1788621574071,"level":"DEBUG","args":["[vite] connected."],"stack":null}
[2026-09-05T15:19:35.858Z] {"timestamp":1788621574143,"level":"INFO","args":["%cDownload the React DevTools for a better development experience: https://react.dev/link/react-devtools","font-weight:bold"],"stack":null}
[2026-09-07T09:38:55.839Z] {"timestamp":1788773933836,"level":"DEBUG","args":["[Manus] Debug collector initialized (no rrweb, UI events only)"],"stack":null}
[2026-09-07T09:38:55.839Z] {"timestamp":1788773933859,"level":"DEBUG","args":["[vite] connected."],"stack":null}
[2026-09-07T09:38:55.839Z] {"timestamp":1788773933912,"level":"INFO","args":["%cDownload the React DevTools for a better development experience: https://react.dev/link/react-devtools","font-weight:bold"],"stack":null}
[2026-09-11T04:16:23.956Z] {"timestamp":1789100181764,"level":"DEBUG","args":["[Manus] Debug collector initialized (no rrweb, UI events only)"],"stack":null}
[2026-09-11T04:16:23.956Z] {"timestamp":1789100182209,"level":"DEBUG","args":["[vite] connected."],"stack":null}
[2026-09-11T04:16:23.956Z] {"timestamp":1789100183024,"level":"INFO","args":["%cDownload the React DevTools for a better development experience: https://react.dev/link/react-devtools","font-weight:bold"],"stack":null}
[2026-09-11T04:26:58.165Z] {"timestamp":1789100813214,"level":"DEBUG","args":["[vite]","hot updated: /src/pages/Corridors.tsx"],"stack":null}
[2026-09-11T04:26:58.165Z] {"timestamp":1789100813214,"level":"DEBUG","args":["[vite]","hot updated: /src/index.css"],"stack":null}
[2026-09-11T04:27:58.163Z] {"timestamp":1789100831821,"level":"ERROR","args":["[vite]","Failed to reload /src/pages/Corridors.tsx. This could be due to syntax errors or importing non-existent modules. (see errors above)"],"stack":"Error\n    at console.<computed> [as error] (http://localhost:3000/__manus__/debug-collector.js:391:37)\n    at Object.error (http://localhost:3000/@vite/client:809:26)\n    at HMRClient.warnFailedUpdate (http://localhost:3000/@vite/client:181:15)\n    at HMRClient.fetchUpdate (http://localhost:3000/@vite/client:212:10)\n    at async Promise.all (index 0)\n    at async HMRClient.queueUpdate (http://localhost:3000/@vite/client:196:5)\n    at async Promise.all (index 0)\n    at async handleMessage (http://localhost:3000/@vite/client:838:4)"}
[2026-09-11T04:27:58.163Z] {"timestamp":1789100831825,"level":"DEBUG","args":["[vite]","hot updated: /src/pages/Corridors.tsx"],"stack":null}
[2026-09-11T04:27:58.163Z] {"timestamp":1789100831825,"level":"DEBUG","args":["[vite]","hot updated: /src/index.css"],"stack":null}
[2026-09-11T04:27:58.163Z] {"timestamp":1789100861051,"level":"DEBUG","args":["[vite]","hot updated: /src/pages/Corridors.tsx"],"stack":null}
[2026-09-11T04:27:58.163Z] {"timestamp":1789100861051,"level":"DEBUG","args":["[vite]","hot updated: /src/index.css"],"stack":null}
[2026-09-11T04:28:45.517Z] {"timestamp":1789100923511,"level":"DEBUG","args":["[Manus] Debug collector initialized (no rrweb, UI events only)"],"stack":null}
[2026-09-11T04:28:45.517Z] {"timestamp":1789100923739,"level":"DEBUG","args":["[vite] connected."],"stack":null}
[2026-09-11T04:28:45.517Z] {"timestamp":1789100923819,"level":"INFO","args":["%cDownload the React DevTools for a better development experience: https://react.dev/link/react-devtools","font-weight:bold"],"stack":null}
[2026-09-11T04:32:04.166Z] {"timestamp":1789101122469,"level":"DEBUG","args":["[vite]","hot updated: /src/index.css"],"stack":null}
[2026-09-11T04:32:04.166Z] {"timestamp":1789101122469,"level":"DEBUG","args":["[vite]","hot updated: /src/components/CorridorGeoMap.tsx"],"stack":null}
[2026-09-11T04:32:35.513Z] {"timestamp":1789101154868,"level":"DEBUG","args":["[vite]","hot updated: /src/index.css"],"stack":null}
[2026-09-11T04:32:35.513Z] {"timestamp":1789101154868,"level":"DEBUG","args":["[vite]","hot updated: /src/components/CorridorGeoMap.tsx"],"stack":null}
[2026-09-11T04:32:55.520Z] {"timestamp":1789101174835,"level":"DEBUG","args":["[vite]","hot updated: /src/pages/Corridors.tsx"],"stack":null}
[2026-09-11T04:32:55.520Z] {"timestamp":1789101174835,"level":"DEBUG","args":["[vite]","hot updated: /src/index.css"],"stack":null}
[2026-09-11T04:33:05.514Z] {"timestamp":1789101184853,"level":"DEBUG","args":["[vite]","hot updated: /src/pages/Corridors.tsx"],"stack":null}
[2026-09-11T04:33:05.514Z] {"timestamp":1789101184854,"level":"DEBUG","args":["[vite]","hot updated: /src/index.css"],"stack":null}
[2026-09-11T04:39:02.164Z] {"timestamp":1789101539641,"level":"DEBUG","args":["[Manus] Debug collector initialized (no rrweb, UI events only)"],"stack":null}
[2026-09-11T04:39:02.164Z] {"timestamp":1789101539650,"level":"DEBUG","args":["[vite] connected."],"stack":null}
[2026-09-11T04:39:02.164Z] {"timestamp":1789101539807,"level":"INFO","args":["%cDownload the React DevTools for a better development experience: https://react.dev/link/react-devtools","font-weight:bold"],"stack":null}
[2026-09-11T04:39:52.171Z] {"timestamp":1789101591751,"level":"DEBUG","args":["[vite]","hot updated: /src/index.css"],"stack":null}
[2026-09-11T04:39:52.171Z] {"timestamp":1789101591751,"level":"DEBUG","args":["[vite]","hot updated: /src/components/CorridorGeoMap.tsx"],"stack":null}
[2026-09-11T04:40:08.161Z] {"timestamp":1789101607028,"level":"ERROR","args":["[vite]","Failed to reload /src/pages/Corridors.tsx. This could be due to syntax errors or importing non-existent modules. (see errors above)"],"stack":"Error\n    at console.<computed> [as error] (http://localhost:3000/__manus__/debug-collector.js:391:37)\n    at Object.error (http://localhost:3000/@vite/client:809:26)\n    at HMRClient.warnFailedUpdate (http://localhost:3000/@vite/client:181:15)\n    at HMRClient.fetchUpdate (http://localhost:3000/@vite/client:212:10)\n    at async Promise.all (index 0)\n    at async HMRClient.queueUpdate (http://localhost:3000/@vite/client:196:5)\n    at async Promise.all (index 0)\n    at async handleMessage (http://localhost:3000/@vite/client:838:4)"}
[2026-09-11T04:40:08.161Z] {"timestamp":1789101607030,"level":"DEBUG","args":["[vite]","hot updated: /src/pages/Corridors.tsx"],"stack":null}
[2026-09-11T04:40:08.161Z] {"timestamp":1789101607030,"level":"DEBUG","args":["[vite]","hot updated: /src/index.css"],"stack":null}
[2026-09-11T04:41:06.225Z] {"timestamp":1789101665098,"level":"DEBUG","args":["[vite]","hot updated: /src/pages/Corridors.tsx"],"stack":null}
[2026-09-11T04:41:06.225Z] {"timestamp":1789101665099,"level":"DEBUG","args":["[vite]","hot updated: /src/index.css"],"stack":null}
[2026-09-11T05:03:49.658Z] {"timestamp":1789103028283,"level":"DEBUG","args":["[vite]","hot updated: /src/index.css"],"stack":null}
[2026-09-11T05:03:49.658Z] {"timestamp":1789103028284,"level":"DEBUG","args":["[vite]","hot updated: /src/components/CorridorGeoMap.tsx"],"stack":null}
[2026-09-11T05:04:01.648Z] {"timestamp":1789103040129,"level":"DEBUG","args":["[vite]","hot updated: /src/index.css"],"stack":null}
[2026-09-11T05:04:01.648Z] {"timestamp":1789103040130,"level":"DEBUG","args":["[vite]","hot updated: /src/components/CorridorGeoMap.tsx"],"stack":null}
[2026-09-11T05:04:23.647Z] {"timestamp":1789103063101,"level":"DEBUG","args":["[vite]","hot updated: /src/index.css"],"stack":null}
[2026-09-11T05:04:23.647Z] {"timestamp":1789103063101,"level":"DEBUG","args":["[vite]","hot updated: /src/components/CorridorGeoMap.tsx"],"stack":null}
[2026-09-11T05:04:39.643Z] {"timestamp":1789103078756,"level":"DEBUG","args":["[vite]","hot updated: /src/index.css"],"stack":null}
[2026-09-11T05:04:39.643Z] {"timestamp":1789103078756,"level":"DEBUG","args":["[vite]","hot updated: /src/components/CorridorGeoMap.tsx"],"stack":null}
[2026-09-11T05:05:07.693Z] {"timestamp":1789103107491,"level":"DEBUG","args":["[vite]","hot updated: /src/index.css"],"stack":null}
[2026-09-11T05:05:07.693Z] {"timestamp":1789103107491,"level":"DEBUG","args":["[vite]","hot updated: /src/components/CorridorGeoMap.tsx"],"stack":null}
[2026-09-11T05:05:21.644Z] {"timestamp":1789103120341,"level":"DEBUG","args":["[vite]","hot updated: /src/index.css"],"stack":null}
[2026-09-11T05:05:21.644Z] {"timestamp":1789103120341,"level":"DEBUG","args":["[vite]","hot updated: /src/components/CorridorGeoMap.tsx"],"stack":null}
[2026-09-11T05:05:37.657Z] {"timestamp":1789103136598,"level":"DEBUG","args":["[vite]","hot updated: /src/index.css"],"stack":null}
[2026-09-11T05:05:37.657Z] {"timestamp":1789103136599,"level":"DEBUG","args":["[vite]","hot updated: /src/components/CorridorGeoMap.tsx"],"stack":null}
[2026-09-11T05:05:51.651Z] {"timestamp":1789103150772,"level":"ERROR","args":["[vite]","Failed to reload /src/components/CorridorGeoMap.tsx. This could be due to syntax errors or importing non-existent modules. (see errors above)"],"stack":"Error\n    at console.<computed> [as error] (http://localhost:3000/__manus__/debug-collector.js:391:37)\n    at Object.error (http://localhost:3000/@vite/client:809:26)\n    at HMRClient.warnFailedUpdate (http://localhost:3000/@vite/client:181:15)\n    at HMRClient.fetchUpdate (http://localhost:3000/@vite/client:212:10)\n    at async Promise.all (index 1)\n    at async HMRClient.queueUpdate (http://localhost:3000/@vite/client:196:5)\n    at async Promise.all (index 0)\n    at async handleMessage (http://localhost:3000/@vite/client:838:4)"}
[2026-09-11T05:05:51.651Z] {"timestamp":1789103150774,"level":"DEBUG","args":["[vite]","hot updated: /src/index.css"],"stack":null}
[2026-09-11T05:05:51.651Z] {"timestamp":1789103150774,"level":"DEBUG","args":["[vite]","hot updated: /src/components/CorridorGeoMap.tsx"],"stack":null}
[2026-09-11T05:06:32.165Z] {"timestamp":1789103191971,"level":"DEBUG","args":["[vite]","hot updated: /src/index.css"],"stack":null}
[2026-09-11T05:06:32.165Z] {"timestamp":1789103191971,"level":"DEBUG","args":["[vite]","hot updated: /src/components/CorridorGeoMap.tsx"],"stack":null}
[2026-09-11T05:19:21.648Z] {"timestamp":1789103959815,"level":"DEBUG","args":["[vite]","hot updated: /src/pages/Home.tsx"],"stack":null}
[2026-09-11T05:19:21.648Z] {"timestamp":1789103959815,"level":"DEBUG","args":["[vite]","hot updated: /src/index.css"],"stack":null}
[2026-09-11T05:19:41.644Z] {"timestamp":1789103980635,"level":"DEBUG","args":["[vite]","hot updated: /src/pages/Home.tsx"],"stack":null}
[2026-09-11T05:19:41.644Z] {"timestamp":1789103980635,"level":"DEBUG","args":["[vite]","hot updated: /src/index.css"],"stack":null}
[2026-09-11T05:20:08.169Z] {"timestamp":1789104006396,"level":"DEBUG","args":["[vite]","hot updated: /src/pages/Home.tsx"],"stack":null}
[2026-09-11T05:20:08.169Z] {"timestamp":1789104006396,"level":"DEBUG","args":["[vite]","hot updated: /src/index.css"],"stack":null}
[2026-09-11T05:20:22.165Z] {"timestamp":1789104021681,"level":"ERROR","args":["[vite]","Failed to reload /src/pages/Home.tsx. This could be due to syntax errors or importing non-existent modules. (see errors above)"],"stack":"Error\n    at console.<computed> [as error] (http://localhost:3000/__manus__/debug-collector.js:391:37)\n    at Object.error (http://localhost:3000/@vite/client:809:26)\n    at HMRClient.warnFailedUpdate (http://localhost:3000/@vite/client:181:15)\n    at HMRClient.fetchUpdate (http://localhost:3000/@vite/client:212:10)\n    at async Promise.all (index 0)\n    at async HMRClient.queueUpdate (http://localhost:3000/@vite/client:196:5)\n    at async Promise.all (index 0)\n    at async handleMessage (http://localhost:3000/@vite/client:838:4)"}
[2026-09-11T05:20:22.165Z] {"timestamp":1789104021683,"level":"DEBUG","args":["[vite]","hot updated: /src/pages/Home.tsx"],"stack":null}
[2026-09-11T05:20:22.165Z] {"timestamp":1789104021683,"level":"DEBUG","args":["[vite]","hot updated: /src/index.css"],"stack":null}
[2026-09-11T05:20:35.645Z] {"timestamp":1789104035465,"level":"DEBUG","args":["[vite]","hot updated: /src/pages/Home.tsx"],"stack":null}
[2026-09-11T05:20:35.645Z] {"timestamp":1789104035465,"level":"DEBUG","args":["[vite]","hot updated: /src/index.css"],"stack":null}
[2026-09-11T05:23:55.644Z] {"timestamp":1789104234529,"level":"DEBUG","args":["[vite]","hot updated: /src/index.css"],"stack":null}
[2026-09-11T05:23:55.644Z] {"timestamp":1789104234530,"level":"DEBUG","args":["[vite]","hot updated: /src/pages/Home.tsx"],"stack":null}
[2026-09-11T05:24:03.647Z] {"timestamp":1789104243088,"level":"DEBUG","args":["[vite]","hot updated: /src/index.css"],"stack":null}
[2026-09-11T05:24:03.647Z] {"timestamp":1789104243088,"level":"DEBUG","args":["[vite]","hot updated: /src/pages/Home.tsx"],"stack":null}
[2026-09-11T05:24:13.647Z] {"timestamp":1789104251685,"level":"DEBUG","args":["[vite]","hot updated: /src/index.css"],"stack":null}
[2026-09-11T05:24:13.647Z] {"timestamp":1789104251685,"level":"DEBUG","args":["[vite]","hot updated: /src/pages/Home.tsx"],"stack":null}
[2026-09-11T05:24:32.159Z] {"timestamp":1789104272054,"level":"DEBUG","args":["[vite]","hot updated: /src/index.css"],"stack":null}
[2026-09-11T05:25:12.156Z] {"timestamp":1789104310568,"level":"DEBUG","args":["[vite]","hot updated: /src/pages/Home.tsx"],"stack":null}
[2026-09-11T05:25:12.156Z] {"timestamp":1789104310568,"level":"DEBUG","args":["[vite]","hot updated: /src/index.css"],"stack":null}
[2026-09-11T05:25:40.207Z] {"timestamp":1789104339546,"level":"DEBUG","args":["[vite]","hot updated: /src/pages/Home.tsx"],"stack":null}
[2026-09-11T05:25:40.207Z] {"timestamp":1789104339546,"level":"DEBUG","args":["[vite]","hot updated: /src/index.css"],"stack":null}
[2026-09-11T05:25:40.207Z] {"timestamp":1789104340180,"level":"ERROR","args":["%o\n\n%s\n\n%s\n",{"type":"Error","message":"handlePointerMove is not defined","stack":"ReferenceError: handlePointerMove is not defined\n    at Home (http://localhost:3000/src/pages/Home.tsx?t=1789104339286:1548:36)\n    at Object.react_stack_bottom_frame (http://localhost:3000/@fs/D:/Rail/node_modules/.vite/deps/react-dom_client.js?v=c5e3be71:18509:20)\n    at renderWithHooks (http://localhost:3000/@fs/D:/Rail/node_modules/.vite/deps/react-dom_client.js?v=c5e3be71:5654:24)\n    at updateFunctionComponent (http://localhost:3000/@fs/D:/Rail/node_modules/.vite/deps/react-dom_client.js?v=c5e3be71:7475:21)\n    at beginWork (http://localhost:3000/@fs/D:/Rail/node_modules/.vite/deps/react-dom_client.js?v=c5e3be71:8525:20)\n    at runWithFiberInDEV (http://localhost:3000/@fs/D:/Rail/node_modules/.vite/deps/react-dom_client.js?v=c5e3be71:997:72)\n    at performUnitOfWork (http://localhost:3000/@fs/D:/Rail/node_modules/.vite/deps/react-dom_client.js?v=c5e3be71:12561:98)\n    at workLoopSync (http://localhost:3000/@fs/D:/Rail/node_modules/.vite/deps/react-dom_client.js?v=c5e3be71:12424:43)\n    at renderRootSync (http://localhost:3000/@fs/D:/Rail/node_modules/.vite/deps/react-dom_client.js?v=c5e3be71:12408:13)\n    at performWorkOnRoot (http://localhost:3000/@fs/D:/Rail/node_modules/.vite/deps/react-dom_client.js?v=c5e3be71:11827:37)"},"The above error occurred in the <Home> component.","React will try to recreate this component tree from scratch using the error boundary you provided, ErrorBoundary."],"stack":"Error\n    at console.<computed> [as error] (http://localhost:3000/__manus__/debug-collector.js:391:37)\n    at defaultOnCaughtError (http://localhost:3000/@fs/D:/Rail/node_modules/.vite/deps/react-dom_client.js?v=c5e3be71:7001:19)\n    at logCaughtError (http://localhost:3000/@fs/D:/Rail/node_modules/.vite/deps/react-dom_client.js?v=c5e3be71:7033:11)\n    at runWithFiberInDEV (http://localhost:3000/@fs/D:/Rail/node_modules/.vite/deps/react-dom_client.js?v=c5e3be71:997:72)\n    at update.callback (http://localhost:3000/@fs/D:/Rail/node_modules/.vite/deps/react-dom_client.js?v=c5e3be71:7066:13)\n    at callCallback (http://localhost:3000/@fs/D:/Rail/node_modules/.vite/deps/react-dom_client.js?v=c5e3be71:5491:18)\n    at commitCallbacks (http://localhost:3000/@fs/D:/Rail/node_modules/.vite/deps/react-dom_client.js?v=c5e3be71:5503:13)\n    at runWithFiberInDEV (http://localhost:3000/@fs/D:/Rail/node_modules/.vite/deps/react-dom_client.js?v=c5e3be71:997:72)\n    at commitClassCallbacks (http://localhost:3000/@fs/D:/Rail/node_modules/.vite/deps/react-dom_client.js?v=c5e3be71:9490:13)\n    at commitLayoutEffectOnFiber (http://localhost:3000/@fs/D:/Rail/node_modules/.vite/deps/react-dom_client.js?v=c5e3be71:9958:27)"}
[2026-09-11T05:26:18.330Z] {"timestamp":1789104376995,"level":"DEBUG","args":["[vite]","hot updated: /src/pages/Home.tsx"],"stack":null}
[2026-09-11T05:26:18.330Z] {"timestamp":1789104376996,"level":"DEBUG","args":["[vite]","hot updated: /src/index.css"],"stack":null}
[2026-09-11T05:27:01.648Z] {"timestamp":1789104421199,"level":"DEBUG","args":["[vite]","hot updated: /src/pages/Home.tsx"],"stack":null}
[2026-09-11T05:27:01.648Z] {"timestamp":1789104421199,"level":"DEBUG","args":["[vite]","hot updated: /src/index.css"],"stack":null}
[2026-09-11T05:28:43.574Z] {"timestamp":1789104521366,"level":"LOG","args":["[vite] server connection lost. Polling for restart..."],"stack":null}
[2026-09-11T05:34:28.169Z] {"timestamp":1789104865737,"level":"DEBUG","args":["[Manus] Debug collector initialized (no rrweb, UI events only)"],"stack":null}
[2026-09-11T05:34:28.169Z] {"timestamp":1789104865760,"level":"DEBUG","args":["[vite] connected."],"stack":null}
[2026-09-11T05:34:28.169Z] {"timestamp":1789104865924,"level":"INFO","args":["%cDownload the React DevTools for a better development experience: https://react.dev/link/react-devtools","font-weight:bold"],"stack":null}
[2026-09-11T05:44:58.161Z] {"timestamp":1789105469674,"level":"DEBUG","args":["[vite]","hot updated: /src/index.css"],"stack":null}
[2026-09-11T05:44:58.161Z] {"timestamp":1789105469675,"level":"DEBUG","args":["[vite]","hot updated: /src/components/CorridorGeoMap.tsx"],"stack":null}
[2026-09-11T05:51:32.781Z] {"timestamp":1789105561916,"level":"LOG","args":["[vite] server connection lost. Polling for restart..."],"stack":null}
[2026-09-11T05:55:32.134Z] {"timestamp":1789106130125,"level":"DEBUG","args":["[Manus] Debug collector initialized (no rrweb, UI events only)"],"stack":null}
[2026-09-11T05:55:32.134Z] {"timestamp":1789106130133,"level":"DEBUG","args":["[vite] connected."],"stack":null}
[2026-09-11T05:55:32.134Z] {"timestamp":1789106130207,"level":"INFO","args":["%cDownload the React DevTools for a better development experience: https://react.dev/link/react-devtools","font-weight:bold"],"stack":null}
[2026-09-11T05:55:38.130Z] {"timestamp":1789106138031,"level":"DEBUG","args":["[vite]","hot updated: /src/index.css"],"stack":null}
[2026-09-11T05:55:38.130Z] {"timestamp":1789106138031,"level":"DEBUG","args":["[vite]","hot updated: /src/components/CorridorGeoMap.tsx"],"stack":null}
[2026-09-11T05:55:58.128Z] {"timestamp":1789106156261,"level":"DEBUG","args":["[vite]","hot updated: /src/index.css"],"stack":null}
[2026-09-11T05:55:58.128Z] {"timestamp":1789106156261,"level":"DEBUG","args":["[vite]","hot updated: /src/components/CorridorGeoMap.tsx"],"stack":null}
[2026-09-11T05:59:08.321Z] {"timestamp":1789106346313,"level":"DEBUG","args":["[Manus] Debug collector initialized (no rrweb, UI events only)"],"stack":null}
[2026-09-11T05:59:08.321Z] {"timestamp":1789106346512,"level":"DEBUG","args":["[vite] connected."],"stack":null}
[2026-09-11T05:59:08.321Z] {"timestamp":1789106346594,"level":"INFO","args":["%cDownload the React DevTools for a better development experience: https://react.dev/link/react-devtools","font-weight:bold"],"stack":null}
[2026-09-11T06:03:06.351Z] {"timestamp":1789106586149,"level":"WARN","args":["Google Maps JavaScript API has been loaded directly without loading=async. This can result in suboptimal performance. For best-practice loading patterns please see https://goo.gle/js-api-loading"],"stack":null}
[2026-09-11T06:03:06.351Z] {"timestamp":1789106586184,"level":"WARN","args":["As of February 21st, 2024, google.maps.Marker is deprecated. Please use google.maps.marker.AdvancedMarkerElement instead. At this time, google.maps.Marker is not scheduled to be discontinued, but google.maps.marker.AdvancedMarkerElement is recommended over google.maps.Marker. While google.maps.Marker will continue to receive bug fixes for any major regressions, existing bugs in google.maps.Marker will not be addressed. At least 12 months notice will be given before support is discontinued. Please see https://developers.google.com/maps/deprecations for additional details and https://developers.google.com/maps/documentation/javascript/advanced-markers/migration for the migration guide."],"stack":null}
[2026-09-11T06:03:08.322Z] {"timestamp":1789106587048,"level":"ERROR","args":["Google Maps JavaScript API error: InvalidKeyMapError\nhttps://developers.google.com/maps/documentation/javascript/error-messages#invalid-key-map-error"],"stack":"Error\n    at console.<computed> [as error] (http://localhost:3000/__manus__/debug-collector.js:391:37)\n    at _.Nl (https://maps.googleapis.com/maps/api/js?key=AQ.Ab8RN6LJz4UfM_53CflvwgQpmd3jbTpsg3ef2KFzWwqnrGTxeQ&libraries=places,geometry:2504:68)\n    at Nya (https://maps.googleapis.com/maps-api-v3/api/js/66/4d/intl/en_gb/map.js:44:263)\n    at Kya (https://maps.googleapis.com/maps-api-v3/api/js/66/4d/intl/en_gb/map.js:43:113)\n    at Lya (https://maps.googleapis.com/maps-api-v3/api/js/66/4d/intl/en_gb/map.js:41:416)"}
[2026-09-11T06:04:57.191Z] {"timestamp":1789106696910,"level":"DEBUG","args":["[vite]","hot updated: /src/index.css"],"stack":null}
[2026-09-11T06:04:57.191Z] {"timestamp":1789106696910,"level":"DEBUG","args":["[vite]","hot updated: /src/components/CorridorGeoMap.tsx"],"stack":null}
[2026-09-11T06:05:45.161Z] {"timestamp":1789106743549,"level":"DEBUG","args":["[vite]","hot updated: /src/index.css"],"stack":null}
[2026-09-11T06:05:45.161Z] {"timestamp":1789106743550,"level":"DEBUG","args":["[vite]","invalidate /src/components/CorridorGeoMap.tsx: Could not Fast Refresh (new export)"],"stack":null}
[2026-09-11T06:05:45.161Z] {"timestamp":1789106743550,"level":"DEBUG","args":["[vite]","hot updated: /src/components/CorridorGeoMap.tsx"],"stack":null}
[2026-09-11T06:05:45.161Z] {"timestamp":1789106743635,"level":"DEBUG","args":["[vite]","hot updated: /src/pages/Corridors.tsx"],"stack":null}
[2026-09-11T06:05:58.163Z] {"timestamp":1789106757176,"level":"DEBUG","args":["[vite]","hot updated: /src/index.css"],"stack":null}
[2026-09-11T06:05:58.164Z] {"timestamp":1789106757176,"level":"DEBUG","args":["[vite]","invalidate /src/components/CorridorGeoMap.tsx: Could not Fast Refresh (\"MAP_THEMES\" export is incompatible). Learn more at https://github.com/vitejs/vite-plugin-react/tree/main/packages/plugin-react#consistent-components-exports"],"stack":null}
[2026-09-11T06:05:58.164Z] {"timestamp":1789106757176,"level":"DEBUG","args":["[vite]","hot updated: /src/components/CorridorGeoMap.tsx"],"stack":null}
[2026-09-11T06:05:58.164Z] {"timestamp":1789106757234,"level":"DEBUG","args":["[vite]","hot updated: /src/pages/Corridors.tsx"],"stack":null}
[2026-09-11T06:06:58.165Z] {"timestamp":1789106798684,"level":"DEBUG","args":["[vite]","hot updated: /src/index.css"],"stack":null}
[2026-09-11T06:06:58.165Z] {"timestamp":1789106798684,"level":"DEBUG","args":["[vite]","invalidate /src/components/CorridorGeoMap.tsx: Could not Fast Refresh (\"MAP_THEMES\" export is incompatible). Learn more at https://github.com/vitejs/vite-plugin-react/tree/main/packages/plugin-react#consistent-components-exports"],"stack":null}
[2026-09-11T06:06:58.165Z] {"timestamp":1789106798684,"level":"DEBUG","args":["[vite]","hot updated: /src/components/CorridorGeoMap.tsx"],"stack":null}
[2026-09-11T06:06:58.165Z] {"timestamp":1789106798751,"level":"DEBUG","args":["[vite]","hot updated: /src/pages/Corridors.tsx"],"stack":null}
[2026-09-11T06:07:58.173Z] {"timestamp":1789106856335,"level":"DEBUG","args":["[vite]","hot updated: /src/index.css"],"stack":null}
[2026-09-11T06:07:58.173Z] {"timestamp":1789106856336,"level":"DEBUG","args":["[vite]","invalidate /src/components/CorridorGeoMap.tsx: Could not Fast Refresh (\"MAP_THEMES\" export is incompatible). Learn more at https://github.com/vitejs/vite-plugin-react/tree/main/packages/plugin-react#consistent-components-exports"],"stack":null}
[2026-09-11T06:07:58.173Z] {"timestamp":1789106856336,"level":"DEBUG","args":["[vite]","hot updated: /src/components/CorridorGeoMap.tsx"],"stack":null}
[2026-09-11T06:07:58.173Z] {"timestamp":1789106856397,"level":"DEBUG","args":["[vite]","hot updated: /src/pages/Corridors.tsx"],"stack":null}
[2026-09-11T06:19:02.866Z] {"timestamp":1789107540444,"level":"DEBUG","args":["[Manus] Debug collector initialized (no rrweb, UI events only)"],"stack":null}
[2026-09-11T06:19:02.866Z] {"timestamp":1789107540551,"level":"DEBUG","args":["[vite] connected."],"stack":null}
[2026-09-11T06:19:04.533Z] {"timestamp":1789107544421,"level":"INFO","args":["%cDownload the React DevTools for a better development experience: https://react.dev/link/react-devtools","font-weight:bold"],"stack":null}
[2026-09-11T06:23:39.381Z] {"timestamp":1789107817373,"level":"DEBUG","args":["[Manus] Debug collector initialized (no rrweb, UI events only)"],"stack":null}
[2026-09-11T06:23:39.381Z] {"timestamp":1789107817396,"level":"DEBUG","args":["[vite] connected."],"stack":null}
[2026-09-11T06:23:39.381Z] {"timestamp":1789107817502,"level":"INFO","args":["%cDownload the React DevTools for a better development experience: https://react.dev/link/react-devtools","font-weight:bold"],"stack":null}
[2026-09-11T08:45:56.638Z] {"timestamp":1789116354291,"level":"DEBUG","args":["[Manus] Debug collector initialized (no rrweb, UI events only)"],"stack":null}
[2026-09-11T08:45:56.638Z] {"timestamp":1789116354402,"level":"DEBUG","args":["[vite] connected."],"stack":null}
[2026-09-11T08:45:56.638Z] {"timestamp":1789116356250,"level":"INFO","args":["%cDownload the React DevTools for a better development experience: https://react.dev/link/react-devtools","font-weight:bold"],"stack":null}
[2026-09-12T05:52:19.702Z] {"timestamp":1789192338736,"level":"DEBUG","args":["[vite]","hot updated: /src/App.tsx"],"stack":null}
[2026-09-12T05:52:19.702Z] {"timestamp":1789192338736,"level":"DEBUG","args":["[vite]","hot updated: /src/index.css"],"stack":null}
[2026-09-12T05:53:23.539Z] {"timestamp":1789192402098,"level":"DEBUG","args":["[vite]","hot updated: /src/index.css"],"stack":null}
[2026-09-12T05:53:23.539Z] {"timestamp":1789192402099,"level":"DEBUG","args":["[vite]","hot updated: /src/components/RailLayout.tsx"],"stack":null}
[2026-09-12T05:54:29.545Z] {"timestamp":1789192428337,"level":"DEBUG","args":["[vite]","hot updated: /src/index.css"],"stack":null}
[2026-09-12T05:54:29.545Z] {"timestamp":1789192428337,"level":"DEBUG","args":["[vite]","hot updated: /src/components/RailLayout.tsx"],"stack":null}
[2026-09-12T05:55:29.544Z] {"timestamp":1789192484718,"level":"DEBUG","args":["[vite]","hot updated: /src/pages/ArchitectureOverview.tsx"],"stack":null}
[2026-09-12T05:55:29.544Z] {"timestamp":1789192484719,"level":"DEBUG","args":["[vite]","hot updated: /src/index.css"],"stack":null}
